// Jest Snapshot v1, https://goo.gl/fbAQLP

exports[`aria-disabled is set to true and tabIndex to -1 if component is not a button and is disabled 1`] = `
<ContextConsumer>
  <Component />
</ContextConsumer>
`;

exports[`danger button 1`] = `
<ContextConsumer>
  <Component />
</ContextConsumer>
`;

exports[`isBlock 1`] = `
<ContextConsumer>
  <Component />
</ContextConsumer>
`;

exports[`isDisabled 1`] = `
<ContextConsumer>
  <Component />
</ContextConsumer>
`;

exports[`isFocus 1`] = `
<ContextConsumer>
  <Component />
</ContextConsumer>
`;

exports[`isHover 1`] = `
<ContextConsumer>
  <Component />
</ContextConsumer>
`;

exports[`isInline 1`] = `
<ContextConsumer>
  <Component />
</ContextConsumer>
`;

exports[`link button 1`] = `
<ContextConsumer>
  <Component />
</ContextConsumer>
`;

exports[`link with icon 1`] = `
<ContextConsumer>
  <Component />
</ContextConsumer>
`;

exports[`plain button 1`] = `
<ContextConsumer>
  <Component />
</ContextConsumer>
`;

exports[`primary button 1`] = `
<ContextConsumer>
  <Component />
</ContextConsumer>
`;

exports[`secondary button 1`] = `
<ContextConsumer>
  <Component />
</ContextConsumer>
`;

exports[`tertiary button 1`] = `
<ContextConsumer>
  <Component />
</ContextConsumer>
`;
